// Jest Snapshot v1, https://goo.gl/fbAQLP

exports[`Button creates a snapshot of the button 1`] = `
<button
  aria-label="Click me"
  className="ds-button ds-button--small ds-button--primary"
  type="submit"
>
  Click me
</button>
`;
